// Jest Snapshot v1, https://goo.gl/fbAQLP

exports[`List item matches snapshot 1`] = `
<View
  accessibilityState={
    {
      "busy": undefined,
      "checked": undefined,
      "disabled": undefined,
      "expanded": undefined,
      "selected": undefined,
    }
  }
  accessibilityValue={
    {
      "max": undefined,
      "min": undefined,
      "now": undefined,
      "text": undefined,
    }
  }
  accessible={true}
  collapsable={false}
  focusable={true}
  onBlur={[Function]}
  onClick={[Function]}
  onFocus={[Function]}
  onResponderGrant={[Function]}
  onResponderMove={[Function]}
  onResponderRelease={[Function]}
  onResponderTerminate={[Function]}
  onResponderTerminationRequest={[Function]}
  onStartShouldSetResponder={[Function]}
  style={false}
>
  <View
    style={
      {
        "alignItems": "flex-start",
        "backgroundColor": "#0000000d",
        "borderBottomColor": "#00000033",
        "borderBottomWidth": 1,
        "paddingVertical": 16,
      }
    }
  >
    <Text
      style={
        {
          "color": "#222",
          "fontSize": 18,
          "marginHorizontal": 8,
        }
      }
    >
      Test
    </Text>
  </View>
</View>
`;
